// Vitest Snapshot v1, https://vitest.dev/guide/snapshot.html

exports[`'Global' component > matches snapshot 1`] = `<DocumentFragment />`;
