// Jest Snapshot v1, https://goo.gl/fbAQLP

exports[`'svgBackground' style util matches snapshot 1`] = `
<DocumentFragment>
  .c0 {
  background-image: url('data:image/svg+xml;utf8,%3Csvg%20viewBox%3D%220%200%20120%20120%22%20version%3D%221.1%22%20xmlns%3D%22http%3A%2F%2Fwww.w3.org%2F2000%2Fsvg%22%3E%3Ccircle%20cx%3D%2260%22%20cy%3D%2260%22%20r%3D%2250%22%2F%3E%3C%2Fsvg%3E');
}

<div
    class="c0"
  />
</DocumentFragment>
`;
