// Jest Snapshot v1, https://goo.gl/fbAQLP

exports[`'media' style util matches snapshot 1`] = `
<DocumentFragment>
  <div
    class="sc-beqWaB jXdjaq"
  />
</DocumentFragment>
`;
