// Jest Snapshot v1, https://goo.gl/fbAQLP

exports[`'RawHtml' component matches snapshot 1`] = `
<DocumentFragment>
  <span>
    foo
    <br />
    bar
  </span>
</DocumentFragment>
`;
