// Jest Snapshot v1, https://goo.gl/fbAQLP

exports[`'Global' component matches snapshot 1`] = `<DocumentFragment />`;
